> Task :app:checkKotlinGradlePluginConfigurationErrors SKIPPED
> Task :app:preBuild UP-TO-DATE
> Task :app:preDebugBuild UP-TO-DATE
> Task :app:generateDebugBuildConfig UP-TO-DATE
> Task :sdk:bili:preBuild UP-TO-DATE
> Task :sdk:bili:preDebugBuild UP-TO-DATE
> Task :sdk:bili:writeDebugAarMetadata UP-TO-DATE
> Task :sdk:douyin:preBuild UP-TO-DATE
> Task :sdk:douyin:preDebugBuild UP-TO-DATE
> Task :sdk:douyin:writeDebugAarMetadata UP-TO-DATE
> Task :app:checkDebugAarMetadata UP-TO-DATE
> Task :sdk:bili:processDebugNavigationResources UP-TO-DATE
> Task :sdk:douyin:processDebugNavigationResources UP-TO-DATE
> Task :app:processDebugNavigationResources UP-TO-DATE
> Task :app:compileDebugNavigationResources UP-TO-DATE
> Task :app:generateDebugResValues UP-TO-DATE
> Task :sdk:bili:generateDebugResValues UP-TO-DATE
> Task :sdk:bili:generateDebugResources UP-TO-DATE
> Task :sdk:bili:packageDebugResources UP-TO-DATE
> Task :sdk:douyin:generateDebugResValues UP-TO-DATE
> Task :sdk:douyin:generateDebugResources UP-TO-DATE
> Task :sdk:douyin:packageDebugResources UP-TO-DATE
> Task :app:mapDebugSourceSetPaths UP-TO-DATE
> Task :app:generateDebugResources UP-TO-DATE
> Task :app:mergeDebugResources UP-TO-DATE
> Task :app:packageDebugResources UP-TO-DATE
> Task :app:parseDebugLocalResources UP-TO-DATE
> Task :app:createDebugCompatibleScreenManifests UP-TO-DATE
> Task :app:extractDeepLinksDebug UP-TO-DATE
> Task :sdk:bili:extractDeepLinksDebug UP-TO-DATE
> Task :sdk:bili:processDebugManifest UP-TO-DATE
> Task :sdk:douyin:extractDeepLinksDebug UP-TO-DATE
> Task :sdk:douyin:processDebugManifest UP-TO-DATE
> Task :app:processDebugMainManifest UP-TO-DATE
> Task :app:processDebugManifest UP-TO-DATE
> Task :app:processDebugManifestForPackage UP-TO-DATE
> Task :sdk:bili:compileDebugLibraryResources UP-TO-DATE
> Task :sdk:bili:parseDebugLocalResources UP-TO-DATE
> Task :sdk:bili:generateDebugRFile UP-TO-DATE
> Task :sdk:douyin:compileDebugLibraryResources UP-TO-DATE
> Task :sdk:douyin:parseDebugLocalResources UP-TO-DATE
> Task :sdk:douyin:generateDebugRFile UP-TO-DATE
> Task :app:processDebugResources UP-TO-DATE
> Task :sdk:bili:checkKotlinGradlePluginConfigurationErrors SKIPPED
> Task :sdk:bili:generateDebugBuildConfig UP-TO-DATE
> Task :sdk:bili:extractDebugProto UP-TO-DATE
> Task :sdk:bili:extractIncludeDebugProto UP-TO-DATE
> Task :sdk:bili:extractProto UP-TO-DATE
> Task :sdk:bili:generateDebugProto NO-SOURCE
> Task :sdk:bili:compileDebugKotlin UP-TO-DATE
> Task :sdk:bili:javaPreCompileDebug UP-TO-DATE
> Task :sdk:bili:compileDebugJavaWithJavac UP-TO-DATE
> Task :sdk:bili:bundleLibCompileToJarDebug UP-TO-DATE
> Task :sdk:douyin:checkKotlinGradlePluginConfigurationErrors SKIPPED
> Task :sdk:douyin:compileDebugKotlin UP-TO-DATE
> Task :sdk:douyin:javaPreCompileDebug UP-TO-DATE
> Task :sdk:douyin:compileDebugJavaWithJavac NO-SOURCE
> Task :sdk:douyin:bundleLibCompileToJarDebug UP-TO-DATE
> Task :app:javaPreCompileDebug UP-TO-DATE
> Task :app:preDebugUnitTestBuild UP-TO-DATE
> Task :app:javaPreCompileDebugUnitTest UP-TO-DATE
> Task :sdk:bili:bundleLibRuntimeToJarDebug UP-TO-DATE
> Task :sdk:bili:processDebugJavaRes UP-TO-DATE
> Task :sdk:douyin:bundleLibRuntimeToJarDebug UP-TO-DATE
> Task :sdk:douyin:processDebugJavaRes UP-TO-DATE
> Task :app:preDebugAndroidTestBuild SKIPPED
> Task :app:processDebugAndroidTestManifest UP-TO-DATE
> Task :app:generateDebugAndroidTestBuildConfig UP-TO-DATE
> Task :app:checkDebugAndroidTestAarMetadata UP-TO-DATE
> Task :app:processDebugAndroidTestNavigationResources UP-TO-DATE
> Task :app:compileDebugAndroidTestNavigationResources UP-TO-DATE
> Task :app:generateDebugAndroidTestResValues UP-TO-DATE
> Task :app:mapDebugAndroidTestSourceSetPaths UP-TO-DATE
> Task :app:generateDebugAndroidTestResources UP-TO-DATE
> Task :app:mergeDebugAndroidTestResources UP-TO-DATE
> Task :app:processDebugAndroidTestResources UP-TO-DATE
> Task :app:javaPreCompileDebugAndroidTest UP-TO-DATE
[33mShot ADB warning: rm: /storage/emulated/0/Download/screenshots/com.lightningstudio.watchrss.test/screenshots-default/: No such file or directory[0m
[33mShot ADB warning: rm: /storage/emulated/0/Download/screenshots/com.lightningstudio.watchrss.test/screenshots-compose-default/: No such file or directory[0m
> Task :app:debugRemoveScreenshotsBefore
> Task :app:mergeDebugShaders UP-TO-DATE
> Task :app:compileDebugShaders NO-SOURCE
> Task :app:generateDebugAssets UP-TO-DATE
> Task :sdk:bili:mergeDebugShaders UP-TO-DATE
> Task :sdk:bili:compileDebugShaders NO-SOURCE
> Task :sdk:bili:generateDebugAssets UP-TO-DATE
> Task :sdk:bili:mergeDebugAssets UP-TO-DATE
> Task :sdk:douyin:mergeDebugShaders UP-TO-DATE
> Task :sdk:douyin:compileDebugShaders NO-SOURCE
> Task :sdk:douyin:generateDebugAssets UP-TO-DATE
> Task :sdk:douyin:mergeDebugAssets UP-TO-DATE
> Task :app:mergeDebugAssets UP-TO-DATE
> Task :app:compressDebugAssets UP-TO-DATE
> Task :app:checkDebugDuplicateClasses UP-TO-DATE
> Task :app:desugarDebugFileDependencies UP-TO-DATE
> Task :app:mergeExtDexDebug UP-TO-DATE
> Task :sdk:bili:bundleLibRuntimeToDirDebug UP-TO-DATE
> Task :sdk:douyin:bundleLibRuntimeToDirDebug UP-TO-DATE
> Task :app:mergeDebugJniLibFolders UP-TO-DATE
> Task :app:mergeLibDexDebug UP-TO-DATE
> Task :sdk:bili:mergeDebugJniLibFolders UP-TO-DATE
> Task :sdk:bili:mergeDebugNativeLibs NO-SOURCE
> Task :sdk:bili:copyDebugJniLibsProjectOnly UP-TO-DATE
> Task :sdk:douyin:mergeDebugJniLibFolders UP-TO-DATE
> Task :sdk:douyin:mergeDebugNativeLibs NO-SOURCE
> Task :sdk:douyin:copyDebugJniLibsProjectOnly UP-TO-DATE
> Task :app:mergeDebugNativeLibs UP-TO-DATE
> Task :app:stripDebugDebugSymbols UP-TO-DATE
> Task :app:validateSigningDebug UP-TO-DATE
> Task :app:writeDebugAppMetadata UP-TO-DATE
> Task :app:writeDebugSigningConfigVersions UP-TO-DATE
> Task :app:mergeDebugAndroidTestShaders UP-TO-DATE
> Task :app:compileDebugAndroidTestShaders NO-SOURCE
> Task :app:generateDebugAndroidTestAssets UP-TO-DATE
> Task :app:mergeDebugAndroidTestAssets UP-TO-DATE
> Task :app:compressDebugAndroidTestAssets UP-TO-DATE
> Task :app:checkDebugAndroidTestDuplicateClasses UP-TO-DATE
> Task :app:desugarDebugAndroidTestFileDependencies UP-TO-DATE
> Task :app:mergeExtDexDebugAndroidTest UP-TO-DATE
> Task :app:mergeLibDexDebugAndroidTest UP-TO-DATE
> Task :app:mergeDebugAndroidTestJniLibFolders UP-TO-DATE
> Task :app:mergeDebugAndroidTestNativeLibs NO-SOURCE
> Task :app:stripDebugAndroidTestDebugSymbols NO-SOURCE
> Task :app:validateSigningDebugAndroidTest UP-TO-DATE
> Task :app:writeDebugAndroidTestSigningConfigVersions UP-TO-DATE
> Task :app:kspDebugKotlin

> Task :app:compileDebugKotlin
w: file:///Users/zhuangjiajun/Documents/android-DEV/Android_WatchRSS/app/src/main/java/com/lightningstudio/watchrss/WatchNoteRichText.kt:540:36 This Rich Text API is experimental and is likely to change or to be removed in the future.
w: file:///Users/zhuangjiajun/Documents/android-DEV/Android_WatchRSS/app/src/main/java/com/lightningstudio/watchrss/WatchNoteRichText.kt:542:16 This Rich Text API is experimental and is likely to change or to be removed in the future.

> Task :app:compileDebugJavaWithJavac UP-TO-DATE
> Task :app:processDebugJavaRes UP-TO-DATE
> Task :app:mergeDebugJavaResource UP-TO-DATE
> Task :app:bundleDebugClassesToRuntimeJar
> Task :app:bundleDebugClassesToCompileJar
> Task :app:dexBuilderDebug
> Task :app:mergeProjectDexDebug
> Task :app:kspDebugUnitTestKotlin
> Task :app:kspDebugAndroidTestKotlin
> Task :app:packageDebug
> Task :app:createDebugApkListingFileRedirect UP-TO-DATE
> Task :app:compileDebugUnitTestKotlin
> Task :app:compileDebugUnitTestJavaWithJavac NO-SOURCE
> Task :app:processDebugUnitTestJavaRes UP-TO-DATE
> Task :app:compileDebugAndroidTestKotlin
> Task :app:testDebugUnitTest
> Task :app:compileDebugAndroidTestJavaWithJavac UP-TO-DATE
> Task :app:processDebugAndroidTestJavaRes UP-TO-DATE
> Task :app:mergeDebugAndroidTestJavaResource UP-TO-DATE
> Task :app:dexBuilderDebugAndroidTest UP-TO-DATE
> Task :app:mergeProjectDexDebugAndroidTest UP-TO-DATE
> Task :app:packageDebugAndroidTest UP-TO-DATE
> Task :app:createDebugAndroidTestApkListingFileRedirect UP-TO-DATE

> Task :app:connectedDebugAndroidTest
Starting 3 tests on WatchRSS_OPPO_Watch_X2(AVD) - 14

com.lightningstudio.watchrss.ui.reader.ReaderPresetLiveSyncTest > selectedPresetUpdate_changesLiveStyle_andSurvivesRepositoryReopen[WatchRSS_OPPO_Watch_X2(AVD) - 14] [31mFAILED [0m
	java.lang.IllegalStateException: attempt to re-open an already-closed object: SQLiteDatabase: /data/user/0/com.lightningstudio.watchrss/databases/reader-live-975f25ca-a8c8-4fe8-819c-96578cb93cce
	at android.database.sqlite.SQLiteClosable.acquireReference(SQLiteClosable.java:59)

WatchRSS_OPPO_Watch_X2(AVD) - 14 Tests 1/3 completed. (0 skipped) (1 failed)
Finished 1 tests on WatchRSS_OPPO_Watch_X2(AVD) - 14

> Task :app:connectedDebugAndroidTest
Tests on WatchRSS_OPPO_Watch_X2(AVD) - 14 failed: There was 1 failure(s).
Test run failed to complete. Instrumentation run failed due to Process crashed.
Logcat of last crash: 
Process: com.lightningstudio.watchrss, PID: 17114
java.lang.IllegalStateException: attempt to re-open an already-closed object: SQLiteDatabase: /data/user/0/com.lightningstudio.watchrss/databases/reader-live-975f25ca-a8c8-4fe8-819c-96578cb93cce
	at android.database.sqlite.SQLiteClosable.acquireReference(SQLiteClosable.java:59)
	at android.database.sqlite.SQLiteDatabase.inTransaction(SQLiteDatabase.java:858)
	at androidx.sqlite.db.framework.FrameworkSQLiteDatabase.inTransaction(FrameworkSQLiteDatabase.kt:83)
	at androidx.room.InvalidationTracker.syncTriggers$room_runtime_release(InvalidationTracker.kt:476)
	at androidx.room.InvalidationTracker.syncTriggers$room_runtime_release(InvalidationTracker.kt:527)
	at androidx.room.InvalidationTracker.removeObserver(InvalidationTracker.kt:325)
	at androidx.room.CoroutinesRoom$Companion$createFlow$1$1$1.invokeSuspend(CoroutinesRoom.kt:133)
	at kotlin.coroutines.jvm.internal.BaseContinuationImpl.resumeWith(ContinuationImpl.kt:33)
	at kotlinx.coroutines.DispatchedTask.run(DispatchedTask.kt:98)
	at java.util.concurrent.ThreadPoolExecutor.runWorker(ThreadPoolExecutor.java:1145)
	at java.util.concurrent.ThreadPoolExecutor$Worker.run(ThreadPoolExecutor.java:644)
	at java.lang.Thread.run(Thread.java:1012)
	Suppressed: kotlinx.coroutines.internal.DiagnosticCoroutineContextException: [StandaloneCoroutine{Cancelling}@ac7a224, Dispatchers.Default]


> Task :app:connectedDebugAndroidTest FAILED

> Task :app:installDebug
Installing APK 'app-debug.apk' on 'WatchRSS_OPPO_Watch_X2(AVD) - 14' for :app:debug
Installed on 1 device.

FAILURE: Build failed with an exception.

* What went wrong:
Execution failed for task ':app:connectedDebugAndroidTest'.
> There were failing tests. See the report at: file:///Users/zhuangjiajun/Documents/android-DEV/Android_WatchRSS/app/build/reports/androidTests/connected/debug/index.html

* Try:
> Run with --stacktrace option to get the stack trace.
> Run with --info or --debug option to get more log output.
> Run with --scan to get full insights.
> Get more help at https://help.gradle.org.

BUILD FAILED in 29s
124 actionable tasks: 15 executed, 109 up-to-date
